/home/gugene/.local/lib/python3.9/site-packages/numpy/core/_methods.py:269: RuntimeWarning: Degrees of freedom <= 0 for slice
  ret = _var(a, axis=axis, dtype=dtype, out=out, ddof=ddof,
/home/gugene/.local/lib/python3.9/site-packages/numpy/core/_methods.py:226: RuntimeWarning: invalid value encountered in divide
  arrmean = um.true_divide(arrmean, div, out=arrmean,
/home/gugene/.local/lib/python3.9/site-packages/numpy/core/_methods.py:261: RuntimeWarning: invalid value encountered in divide
  ret = ret.dtype.type(ret / rcount)
/home/gugene/.local/lib/python3.9/site-packages/numpy/core/fromnumeric.py:3464: RuntimeWarning: Mean of empty slice.
  return _methods._mean(a, axis=axis, dtype=dtype,
/home/gugene/.local/lib/python3.9/site-packages/numpy/core/_methods.py:192: RuntimeWarning: invalid value encountered in divide
  ret = ret.dtype.type(ret / rcount)
Precomputing module gene indices...

============================================================
Starting run: ['Con', 'AD'] -> /home/gugene/bdata/gugene/data/greedy_march_pipeline_output/finalNonNorm_minsize10_unmerged/SEAAD2024_AllADVsCon_DFC/
============================================================
Precomputing celltype means...
Pre-slicing data per celltype/condition...
  Sliced (Oligodendrocyte, Con) | 2026-03-12 12:26:34.212010
  Sliced (L6b, Con) | 2026-03-12 12:26:34.612168
  Sliced (Pvalb, Con) | 2026-03-12 12:26:36.198945
  Sliced (Vip, Con) | 2026-03-12 12:26:37.550444
  Sliced (OPC, Con) | 2026-03-12 12:26:37.911926
  Sliced (Lamp5 Lhx6, Con) | 2026-03-12 12:26:38.292425
  Sliced (Sst, Con) | 2026-03-12 12:26:39.270434
  Sliced (L6 CT, Con) | 2026-03-12 12:26:39.757741
  Sliced (L6 IT, Con) | 2026-03-12 12:26:40.460483
  Sliced (Astrocyte, Con) | 2026-03-12 12:26:41.422477
  Sliced (L6 IT Car3, Con) | 2026-03-12 12:26:41.688992
  Sliced (L5 IT, Con) | 2026-03-12 12:26:43.138145
  Sliced (L2/3 IT, Con) | 2026-03-12 12:26:48.006256
  Sliced (Microglia-PVM, Con) | 2026-03-12 12:26:48.521592
  Sliced (L4 IT, Con) | 2026-03-12 12:26:49.572914
  Sliced (Lamp5, Con) | 2026-03-12 12:26:50.340354
  Sliced (L5/6 NP, Con) | 2026-03-12 12:26:50.650120
  Sliced (Pax6, Con) | 2026-03-12 12:26:50.827641
  Sliced (Sncg, Con) | 2026-03-12 12:26:51.194454
  Sliced (Chandelier, Con) | 2026-03-12 12:26:51.456019
  Sliced (L5 ET, Con) | 2026-03-12 12:26:51.570504
  Sliced (Endothelial, Con) | 2026-03-12 12:26:51.655186
  Sliced (Sst Chodl, Con) | 2026-03-12 12:26:51.727476
  Sliced (VLMC, Con) | 2026-03-12 12:26:51.825584
  Sliced (Oligodendrocyte, AD) | 2026-03-12 12:27:01.630876
  Sliced (L6b, AD) | 2026-03-12 12:27:03.510159
  Sliced (Pvalb, AD) | 2026-03-12 12:27:14.027055
  Sliced (Vip, AD) | 2026-03-12 12:27:22.480589
  Sliced (OPC, AD) | 2026-03-12 12:27:24.885494
  Sliced (Lamp5 Lhx6, AD) | 2026-03-12 12:27:27.049363
  Sliced (Sst, AD) | 2026-03-12 12:27:33.053940
  Sliced (L6 CT, AD) | 2026-03-12 12:27:36.036738
  Sliced (L6 IT, AD) | 2026-03-12 12:27:42.690317
  Sliced (Astrocyte, AD) | 2026-03-12 12:27:52.605060
  Sliced (L6 IT Car3, AD) | 2026-03-12 12:27:54.118026
  Sliced (L5 IT, AD) | 2026-03-12 12:28:08.758540
  Sliced (L2/3 IT, AD) | 2026-03-12 12:30:06.892191
  Sliced (Microglia-PVM, AD) | 2026-03-12 12:30:10.025672
  Sliced (L4 IT, AD) | 2026-03-12 12:30:29.463977
  Sliced (Lamp5, AD) | 2026-03-12 12:30:35.649959
  Sliced (L5/6 NP, AD) | 2026-03-12 12:30:37.611213
  Sliced (Pax6, AD) | 2026-03-12 12:30:38.608497
  Sliced (Sncg, AD) | 2026-03-12 12:30:40.765147
  Sliced (Chandelier, AD) | 2026-03-12 12:30:42.129639
  Sliced (L5 ET, AD) | 2026-03-12 12:30:42.655566
  Sliced (Endothelial, AD) | 2026-03-12 12:30:42.908226
  Sliced (Sst Chodl, AD) | 2026-03-12 12:30:43.142757
  Sliced (VLMC, AD) | 2026-03-12 12:30:43.614386
  Module 20/1158 | 2026-03-12 12:30:48.636546
  Module 40/1158 | 2026-03-12 12:30:51.788412
  Module 60/1158 | 2026-03-12 12:30:54.653718
  Module 80/1158 | 2026-03-12 12:30:57.522865
  Module 100/1158 | 2026-03-12 12:31:01.450144
  Module 120/1158 | 2026-03-12 12:31:05.316674
  Module 140/1158 | 2026-03-12 12:31:08.661034
  Module 160/1158 | 2026-03-12 12:31:11.614771
  Module 180/1158 | 2026-03-12 12:31:14.546453
  Module 200/1158 | 2026-03-12 12:31:17.823399
  Module 220/1158 | 2026-03-12 12:31:21.400105
  Module 240/1158 | 2026-03-12 12:31:24.104885
  Module 260/1158 | 2026-03-12 12:31:27.872560
  Module 280/1158 | 2026-03-12 12:31:30.656245
  Module 300/1158 | 2026-03-12 12:31:33.331235
  Module 320/1158 | 2026-03-12 12:31:36.771830
  Module 340/1158 | 2026-03-12 12:31:40.072251
  Module 360/1158 | 2026-03-12 12:31:43.419322
  Module 380/1158 | 2026-03-12 12:31:46.649358
  Module 400/1158 | 2026-03-12 12:31:49.476489
  Module 420/1158 | 2026-03-12 12:31:52.456745
  Module 440/1158 | 2026-03-12 12:31:55.698267
  Module 460/1158 | 2026-03-12 12:31:58.032752
  Module 480/1158 | 2026-03-12 12:32:00.709124
  Module 500/1158 | 2026-03-12 12:32:03.651823
  Module 520/1158 | 2026-03-12 12:32:06.427230
  Module 540/1158 | 2026-03-12 12:32:08.754184
  Module 560/1158 | 2026-03-12 12:32:11.445779
  Module 580/1158 | 2026-03-12 12:32:14.365139
  Module 600/1158 | 2026-03-12 12:32:17.657605
  Module 620/1158 | 2026-03-12 12:32:20.301985
  Module 640/1158 | 2026-03-12 12:32:22.578655
  Module 660/1158 | 2026-03-12 12:32:25.037020
  Module 680/1158 | 2026-03-12 12:32:27.080326
  Module 700/1158 | 2026-03-12 12:32:30.032963
  Module 720/1158 | 2026-03-12 12:32:32.191419
  Module 740/1158 | 2026-03-12 12:32:33.976074
  Module 760/1158 | 2026-03-12 12:32:36.616946
  Module 780/1158 | 2026-03-12 12:32:38.741040
  Module 800/1158 | 2026-03-12 12:32:41.713510
  Module 820/1158 | 2026-03-12 12:32:44.085510
  Module 840/1158 | 2026-03-12 12:32:46.521820
  Module 860/1158 | 2026-03-12 12:32:48.835457
  Module 880/1158 | 2026-03-12 12:32:51.186253
  Module 900/1158 | 2026-03-12 12:32:53.365463
  Module 920/1158 | 2026-03-12 12:32:56.270714
  Module 940/1158 | 2026-03-12 12:32:58.376717
  Module 960/1158 | 2026-03-12 12:33:00.352878
  Module 980/1158 | 2026-03-12 12:33:02.468966
  Module 1000/1158 | 2026-03-12 12:33:04.461085
  Module 1020/1158 | 2026-03-12 12:33:06.725107
  Module 1040/1158 | 2026-03-12 12:33:09.729388
  Module 1060/1158 | 2026-03-12 12:33:12.140868
  Module 1080/1158 | 2026-03-12 12:33:14.143483
  Module 1100/1158 | 2026-03-12 12:33:16.432105
  Module 1120/1158 | 2026-03-12 12:33:18.293237
  Module 1140/1158 | 2026-03-12 12:33:20.190815
  Saved: /home/gugene/bdata/gugene/data/greedy_march_pipeline_output/finalNonNorm_minsize10_unmerged/SEAAD2024_AllADVsCon_DFC//sn_proj_indices/log_native/indices_se_SubclassContopmodposbc.csv
  Saved: /home/gugene/bdata/gugene/data/greedy_march_pipeline_output/finalNonNorm_minsize10_unmerged/SEAAD2024_AllADVsCon_DFC//sn_proj_indices/log_normByMean/indices_se_SubclassContopmodposbc.csv
  Saved: /home/gugene/bdata/gugene/data/greedy_march_pipeline_output/finalNonNorm_minsize10_unmerged/SEAAD2024_AllADVsCon_DFC//sn_proj_indices/log_REI/indices_se_SubclassContopmodposbc.csv
  Module 20/1158 | 2026-03-12 12:33:54.352698
  Module 40/1158 | 2026-03-12 12:34:22.192769
  Module 60/1158 | 2026-03-12 12:34:46.652408
  Module 80/1158 | 2026-03-12 12:35:10.482624
  Module 100/1158 | 2026-03-12 12:35:46.557147
  Module 120/1158 | 2026-03-12 12:36:22.590603
  Module 140/1158 | 2026-03-12 12:36:52.903531
  Module 160/1158 | 2026-03-12 12:37:18.404853
  Module 180/1158 | 2026-03-12 12:37:43.568841
  Module 200/1158 | 2026-03-12 12:38:12.778691
  Module 220/1158 | 2026-03-12 12:38:44.454492
  Module 240/1158 | 2026-03-12 12:39:06.225484
  Module 260/1158 | 2026-03-12 12:39:40.993344
  Module 280/1158 | 2026-03-12 12:40:04.822123
  Module 300/1158 | 2026-03-12 12:40:27.549404
  Module 320/1158 | 2026-03-12 12:40:59.008558
  Module 340/1158 | 2026-03-12 12:41:29.246191
  Module 360/1158 | 2026-03-12 12:41:58.013430
  Module 380/1158 | 2026-03-12 12:42:25.110961
  Module 400/1158 | 2026-03-12 12:42:48.490832
  Module 420/1158 | 2026-03-12 12:43:14.011211
  Module 440/1158 | 2026-03-12 12:43:42.754957
  Module 460/1158 | 2026-03-12 12:44:01.528871
  Module 480/1158 | 2026-03-12 12:44:23.803198
  Module 500/1158 | 2026-03-12 12:44:48.855562
  Module 520/1158 | 2026-03-12 12:45:11.788427
  Module 540/1158 | 2026-03-12 12:45:30.058050
  Module 560/1158 | 2026-03-12 12:45:52.617748
  Module 580/1158 | 2026-03-12 12:46:17.977057
  Module 600/1158 | 2026-03-12 12:46:47.933093
  Module 620/1158 | 2026-03-12 12:47:10.318389
  Module 640/1158 | 2026-03-12 12:47:28.982419
  Module 660/1158 | 2026-03-12 12:47:49.301393
  Module 680/1158 | 2026-03-12 12:48:05.013745
  Module 700/1158 | 2026-03-12 12:48:31.406703
  Module 720/1158 | 2026-03-12 12:48:48.237601
  Module 740/1158 | 2026-03-12 12:49:01.378722
  Module 760/1158 | 2026-03-12 12:49:23.721666
  Module 780/1158 | 2026-03-12 12:49:40.033131
  Module 800/1158 | 2026-03-12 12:50:06.585072
  Module 820/1158 | 2026-03-12 12:50:26.690893
  Module 840/1158 | 2026-03-12 12:50:46.710111
  Module 860/1158 | 2026-03-12 12:51:04.486792
/home/gugene/.local/lib/python3.9/site-packages/numpy/core/_methods.py:269: RuntimeWarning: Degrees of freedom <= 0 for slice
  ret = _var(a, axis=axis, dtype=dtype, out=out, ddof=ddof,
/home/gugene/.local/lib/python3.9/site-packages/numpy/core/_methods.py:226: RuntimeWarning: invalid value encountered in divide
  arrmean = um.true_divide(arrmean, div, out=arrmean,
/home/gugene/.local/lib/python3.9/site-packages/numpy/core/_methods.py:261: RuntimeWarning: invalid value encountered in divide
  ret = ret.dtype.type(ret / rcount)
/home/gugene/.local/lib/python3.9/site-packages/numpy/core/fromnumeric.py:3464: RuntimeWarning: Mean of empty slice.
  return _methods._mean(a, axis=axis, dtype=dtype,
/home/gugene/.local/lib/python3.9/site-packages/numpy/core/_methods.py:192: RuntimeWarning: invalid value encountered in divide
  ret = ret.dtype.type(ret / rcount)
/home/gugene/.local/lib/python3.9/site-packages/numpy/core/_methods.py:269: RuntimeWarning: Degrees of freedom <= 0 for slice
  ret = _var(a, axis=axis, dtype=dtype, out=out, ddof=ddof,
/home/gugene/.local/lib/python3.9/site-packages/numpy/core/_methods.py:226: RuntimeWarning: invalid value encountered in divide
  arrmean = um.true_divide(arrmean, div, out=arrmean,
/home/gugene/.local/lib/python3.9/site-packages/numpy/core/_methods.py:261: RuntimeWarning: invalid value encountered in divide
  ret = ret.dtype.type(ret / rcount)
/home/gugene/.local/lib/python3.9/site-packages/numpy/core/fromnumeric.py:3464: RuntimeWarning: Mean of empty slice.
  return _methods._mean(a, axis=axis, dtype=dtype,
/home/gugene/.local/lib/python3.9/site-packages/numpy/core/_methods.py:192: RuntimeWarning: invalid value encountered in divide
  ret = ret.dtype.type(ret / rcount)
  Module 880/1158 | 2026-03-12 12:51:22.983949
  Module 900/1158 | 2026-03-12 12:51:40.468895
  Module 920/1158 | 2026-03-12 12:52:05.237197
  Module 940/1158 | 2026-03-12 12:52:21.931233
  Module 960/1158 | 2026-03-12 12:52:36.718532
  Module 980/1158 | 2026-03-12 12:52:53.076738
  Module 1000/1158 | 2026-03-12 12:53:08.330771
  Module 1020/1158 | 2026-03-12 12:53:26.148581
  Module 1040/1158 | 2026-03-12 12:53:53.258874
  Module 1060/1158 | 2026-03-12 12:54:13.531115
  Module 1080/1158 | 2026-03-12 12:54:29.484830
  Module 1100/1158 | 2026-03-12 12:54:48.346208
  Module 1120/1158 | 2026-03-12 12:55:02.846155
  Module 1140/1158 | 2026-03-12 12:55:17.085757
  Saved: /home/gugene/bdata/gugene/data/greedy_march_pipeline_output/finalNonNorm_minsize10_unmerged/SEAAD2024_AllADVsCon_DFC//sn_proj_indices/log_native/indices_se_SubclassADtopmodposbc.csv
  Saved: /home/gugene/bdata/gugene/data/greedy_march_pipeline_output/finalNonNorm_minsize10_unmerged/SEAAD2024_AllADVsCon_DFC//sn_proj_indices/log_normByMean/indices_se_SubclassADtopmodposbc.csv
  Saved: /home/gugene/bdata/gugene/data/greedy_march_pipeline_output/finalNonNorm_minsize10_unmerged/SEAAD2024_AllADVsCon_DFC//sn_proj_indices/log_REI/indices_se_SubclassADtopmodposbc.csv

============================================================
Starting run: ['Con', 'Early'] -> /home/gugene/bdata/gugene/data/greedy_march_pipeline_output/finalNonNorm_minsize10_unmerged/SEAAD2024_earlyVsCon_DFC/
============================================================
Precomputing celltype means...
Pre-slicing data per celltype/condition...
  Sliced (Oligodendrocyte, Con) | 2026-03-12 12:56:31.555576
  Sliced (L6b, Con) | 2026-03-12 12:56:31.964628
  Sliced (Pvalb, Con) | 2026-03-12 12:56:33.673158
  Sliced (Vip, Con) | 2026-03-12 12:56:35.042063
  Sliced (OPC, Con) | 2026-03-12 12:56:35.407223
  Sliced (Lamp5 Lhx6, Con) | 2026-03-12 12:56:35.801056
  Sliced (Sst, Con) | 2026-03-12 12:56:36.845201
  Sliced (L6 CT, Con) | 2026-03-12 12:56:37.364142
  Sliced (L6 IT, Con) | 2026-03-12 12:56:38.149616
  Sliced (Astrocyte, Con) | 2026-03-12 12:56:39.103054
  Sliced (L6 IT Car3, Con) | 2026-03-12 12:56:39.376190
  Sliced (L5 IT, Con) | 2026-03-12 12:56:40.872470
  Sliced (L2/3 IT, Con) | 2026-03-12 12:56:45.813523
  Sliced (Microglia-PVM, Con) | 2026-03-12 12:56:46.348765
  Sliced (L4 IT, Con) | 2026-03-12 12:56:47.459633
  Sliced (Lamp5, Con) | 2026-03-12 12:56:48.239319
  Sliced (L5/6 NP, Con) | 2026-03-12 12:56:48.564192
  Sliced (Pax6, Con) | 2026-03-12 12:56:48.735593
  Sliced (Sncg, Con) | 2026-03-12 12:56:49.109634
  Sliced (Chandelier, Con) | 2026-03-12 12:56:49.360912
  Sliced (L5 ET, Con) | 2026-03-12 12:56:49.492251
  Sliced (Endothelial, Con) | 2026-03-12 12:56:49.572597
  Sliced (Sst Chodl, Con) | 2026-03-12 12:56:49.654919
  Sliced (VLMC, Con) | 2026-03-12 12:56:49.760076
  Sliced (Oligodendrocyte, Early) | 2026-03-12 12:56:51.863699
  Sliced (L6b, Early) | 2026-03-12 12:56:52.229978
  Sliced (Pvalb, Early) | 2026-03-12 12:56:54.287691
  Sliced (Vip, Early) | 2026-03-12 12:56:55.950064
  Sliced (OPC, Early) | 2026-03-12 12:56:56.454450
  Sliced (Lamp5 Lhx6, Early) | 2026-03-12 12:56:56.911526
  Sliced (Sst, Early) | 2026-03-12 12:56:58.097731
  Sliced (L6 CT, Early) | 2026-03-12 12:56:58.705479
  Sliced (L6 IT, Early) | 2026-03-12 12:56:59.608951
  Sliced (Astrocyte, Early) | 2026-03-12 12:57:00.775731
  Sliced (L6 IT Car3, Early) | 2026-03-12 12:57:01.078367
  Sliced (L5 IT, Early) | 2026-03-12 12:57:03.211513
  Sliced (L2/3 IT, Early) | 2026-03-12 12:57:10.015517
  Sliced (Microglia-PVM, Early) | 2026-03-12 12:57:10.634534
  Sliced (L4 IT, Early) | 2026-03-12 12:57:12.169587
  Sliced (Lamp5, Early) | 2026-03-12 12:57:13.154122
  Sliced (L5/6 NP, Early) | 2026-03-12 12:57:14.152065
  Sliced (Pax6, Early) | 2026-03-12 12:57:14.365032
  Sliced (Sncg, Early) | 2026-03-12 12:57:14.844626
  Sliced (Chandelier, Early) | 2026-03-12 12:57:15.148590
  Sliced (L5 ET, Early) | 2026-03-12 12:57:15.286385
  Sliced (Endothelial, Early) | 2026-03-12 12:57:15.358752
  Sliced (Sst Chodl, Early) | 2026-03-12 12:57:15.439242
  Sliced (VLMC, Early) | 2026-03-12 12:57:15.549009
  Module 20/1158 | 2026-03-12 12:57:18.830534
  Module 40/1158 | 2026-03-12 12:57:22.084232
  Module 60/1158 | 2026-03-12 12:57:24.927575
  Module 80/1158 | 2026-03-12 12:57:27.854218
  Module 100/1158 | 2026-03-12 12:57:31.789696
  Module 120/1158 | 2026-03-12 12:57:35.945654
  Module 140/1158 | 2026-03-12 12:57:39.425789
  Module 160/1158 | 2026-03-12 12:57:42.555389
  Module 180/1158 | 2026-03-12 12:57:45.644456
  Module 200/1158 | 2026-03-12 12:57:49.068240
  Module 220/1158 | 2026-03-12 12:57:52.553009
  Module 240/1158 | 2026-03-12 12:57:55.245855
  Module 260/1158 | 2026-03-12 12:57:59.037253
  Module 280/1158 | 2026-03-12 12:58:01.949528
  Module 300/1158 | 2026-03-12 12:58:04.723085
  Module 320/1158 | 2026-03-12 12:58:08.301190
  Module 340/1158 | 2026-03-12 12:58:11.827101
  Module 360/1158 | 2026-03-12 12:58:15.201176
  Module 380/1158 | 2026-03-12 12:58:18.316253
  Module 400/1158 | 2026-03-12 12:58:21.109146
  Module 420/1158 | 2026-03-12 12:58:23.997881
  Module 440/1158 | 2026-03-12 12:58:27.370692
  Module 460/1158 | 2026-03-12 12:58:29.844762
  Module 480/1158 | 2026-03-12 12:58:32.646159
  Module 500/1158 | 2026-03-12 12:58:35.721185
  Module 520/1158 | 2026-03-12 12:58:38.454757
  Module 540/1158 | 2026-03-12 12:58:40.737872
  Module 560/1158 | 2026-03-12 12:58:43.437261
  Module 580/1158 | 2026-03-12 12:58:46.387036
  Module 600/1158 | 2026-03-12 12:58:49.706716
  Module 620/1158 | 2026-03-12 12:58:52.376995
  Module 640/1158 | 2026-03-12 12:58:54.674312
  Module 660/1158 | 2026-03-12 12:58:57.199539
  Module 680/1158 | 2026-03-12 12:58:59.264120
  Module 700/1158 | 2026-03-12 12:59:02.248093
  Module 720/1158 | 2026-03-12 12:59:04.433119
  Module 740/1158 | 2026-03-12 12:59:06.252273
  Module 760/1158 | 2026-03-12 12:59:08.919112
  Module 780/1158 | 2026-03-12 12:59:11.060921
  Module 800/1158 | 2026-03-12 12:59:14.036080
  Module 820/1158 | 2026-03-12 12:59:16.395054
  Module 840/1158 | 2026-03-12 12:59:18.829939
  Module 860/1158 | 2026-03-12 12:59:21.101036
  Module 880/1158 | 2026-03-12 12:59:23.415786
  Module 900/1158 | 2026-03-12 12:59:25.593684
  Module 920/1158 | 2026-03-12 12:59:28.520260
  Module 940/1158 | 2026-03-12 12:59:30.647055
  Module 960/1158 | 2026-03-12 12:59:32.689279
  Module 980/1158 | 2026-03-12 12:59:34.859198
  Module 1000/1158 | 2026-03-12 12:59:36.881114
  Module 1020/1158 | 2026-03-12 12:59:39.197522
  Module 1040/1158 | 2026-03-12 12:59:42.239465
  Module 1060/1158 | 2026-03-12 12:59:44.648562
  Module 1080/1158 | 2026-03-12 12:59:46.654634
  Module 1100/1158 | 2026-03-12 12:59:49.005905
  Module 1120/1158 | 2026-03-12 12:59:50.880891
  Module 1140/1158 | 2026-03-12 12:59:52.800322
  Saved: /home/gugene/bdata/gugene/data/greedy_march_pipeline_output/finalNonNorm_minsize10_unmerged/SEAAD2024_earlyVsCon_DFC//sn_proj_indices/log_native/indices_se_SubclassContopmodposbc.csv
  Saved: /home/gugene/bdata/gugene/data/greedy_march_pipeline_output/finalNonNorm_minsize10_unmerged/SEAAD2024_earlyVsCon_DFC//sn_proj_indices/log_normByMean/indices_se_SubclassContopmodposbc.csv
  Saved: /home/gugene/bdata/gugene/data/greedy_march_pipeline_output/finalNonNorm_minsize10_unmerged/SEAAD2024_earlyVsCon_DFC//sn_proj_indices/log_REI/indices_se_SubclassContopmodposbc.csv
  Module 20/1158 | 2026-03-12 12:59:59.596353
  Module 40/1158 | 2026-03-12 13:00:03.791215
  Module 60/1158 | 2026-03-12 13:00:07.493515
  Module 80/1158 | 2026-03-12 13:00:11.191224
  Module 100/1158 | 2026-03-12 13:00:16.415692
  Module 120/1158 | 2026-03-12 13:00:21.661736
  Module 140/1158 | 2026-03-12 13:00:26.068253
  Module 160/1158 | 2026-03-12 13:00:29.868045
  Module 180/1158 | 2026-03-12 13:00:33.590451
  Module 200/1158 | 2026-03-12 13:00:37.868056
  Module 220/1158 | 2026-03-12 13:00:42.412692
  Module 240/1158 | 2026-03-12 13:00:45.813647
  Module 260/1158 | 2026-03-12 13:00:50.793911
  Module 280/1158 | 2026-03-12 13:00:54.328692
  Module 300/1158 | 2026-03-12 13:00:57.739995
  Module 320/1158 | 2026-03-12 13:01:02.197220
/home/gugene/.local/lib/python3.9/site-packages/numpy/core/_methods.py:269: RuntimeWarning: Degrees of freedom <= 0 for slice
  ret = _var(a, axis=axis, dtype=dtype, out=out, ddof=ddof,
/home/gugene/.local/lib/python3.9/site-packages/numpy/core/_methods.py:226: RuntimeWarning: invalid value encountered in divide
  arrmean = um.true_divide(arrmean, div, out=arrmean,
/home/gugene/.local/lib/python3.9/site-packages/numpy/core/_methods.py:261: RuntimeWarning: invalid value encountered in divide
  ret = ret.dtype.type(ret / rcount)
/home/gugene/.local/lib/python3.9/site-packages/numpy/core/fromnumeric.py:3464: RuntimeWarning: Mean of empty slice.
  return _methods._mean(a, axis=axis, dtype=dtype,
/home/gugene/.local/lib/python3.9/site-packages/numpy/core/_methods.py:192: RuntimeWarning: invalid value encountered in divide
  ret = ret.dtype.type(ret / rcount)
/home/gugene/.local/lib/python3.9/site-packages/numpy/core/_methods.py:269: RuntimeWarning: Degrees of freedom <= 0 for slice
  ret = _var(a, axis=axis, dtype=dtype, out=out, ddof=ddof,
/home/gugene/.local/lib/python3.9/site-packages/numpy/core/_methods.py:226: RuntimeWarning: invalid value encountered in divide
  arrmean = um.true_divide(arrmean, div, out=arrmean,
/home/gugene/.local/lib/python3.9/site-packages/numpy/core/_methods.py:261: RuntimeWarning: invalid value encountered in divide
  ret = ret.dtype.type(ret / rcount)
/home/gugene/.local/lib/python3.9/site-packages/numpy/core/fromnumeric.py:3464: RuntimeWarning: Mean of empty slice.
  return _methods._mean(a, axis=axis, dtype=dtype,
/home/gugene/.local/lib/python3.9/site-packages/numpy/core/_methods.py:192: RuntimeWarning: invalid value encountered in divide
  ret = ret.dtype.type(ret / rcount)
  Module 340/1158 | 2026-03-12 13:01:06.472045
  Module 360/1158 | 2026-03-12 13:01:10.691129
  Module 380/1158 | 2026-03-12 13:01:14.623493
  Module 400/1158 | 2026-03-12 13:01:18.225015
  Module 420/1158 | 2026-03-12 13:01:21.938170
  Module 440/1158 | 2026-03-12 13:01:26.203836
  Module 460/1158 | 2026-03-12 13:01:29.243155
  Module 480/1158 | 2026-03-12 13:01:32.753828
  Module 500/1158 | 2026-03-12 13:01:36.553868
  Module 520/1158 | 2026-03-12 13:01:40.161279
  Module 540/1158 | 2026-03-12 13:01:43.084100
  Module 560/1158 | 2026-03-12 13:01:46.554021
  Module 580/1158 | 2026-03-12 13:01:50.493408
  Module 600/1158 | 2026-03-12 13:01:54.930875
  Module 620/1158 | 2026-03-12 13:01:58.385661
  Module 640/1158 | 2026-03-12 13:02:01.383211
  Module 660/1158 | 2026-03-12 13:02:04.514666
  Module 680/1158 | 2026-03-12 13:02:07.162616
  Module 700/1158 | 2026-03-12 13:02:11.234723
  Module 720/1158 | 2026-03-12 13:02:13.973847
  Module 740/1158 | 2026-03-12 13:02:16.189610
  Module 760/1158 | 2026-03-12 13:02:19.589915
  Module 780/1158 | 2026-03-12 13:02:22.287446
  Module 800/1158 | 2026-03-12 13:02:26.224723
  Module 820/1158 | 2026-03-12 13:02:29.245134
  Module 840/1158 | 2026-03-12 13:02:32.350345
  Module 860/1158 | 2026-03-12 13:02:35.187420
  Module 880/1158 | 2026-03-12 13:02:38.091523
  Module 900/1158 | 2026-03-12 13:02:40.984552
  Module 920/1158 | 2026-03-12 13:02:44.800987
  Module 940/1158 | 2026-03-12 13:02:47.447115
  Module 960/1158 | 2026-03-12 13:02:49.934210
  Module 980/1158 | 2026-03-12 13:02:52.600110
  Module 1000/1158 | 2026-03-12 13:02:55.109200
  Module 1020/1158 | 2026-03-12 13:02:57.962135
  Module 1040/1158 | 2026-03-12 13:03:01.900759
  Module 1060/1158 | 2026-03-12 13:03:05.025699
  Module 1080/1158 | 2026-03-12 13:03:07.546732
  Module 1100/1158 | 2026-03-12 13:03:10.463388
  Module 1120/1158 | 2026-03-12 13:03:12.832432
  Module 1140/1158 | 2026-03-12 13:03:15.311283
  Saved: /home/gugene/bdata/gugene/data/greedy_march_pipeline_output/finalNonNorm_minsize10_unmerged/SEAAD2024_earlyVsCon_DFC//sn_proj_indices/log_native/indices_se_SubclassEarlytopmodposbc.csv
  Saved: /home/gugene/bdata/gugene/data/greedy_march_pipeline_output/finalNonNorm_minsize10_unmerged/SEAAD2024_earlyVsCon_DFC//sn_proj_indices/log_normByMean/indices_se_SubclassEarlytopmodposbc.csv
  Saved: /home/gugene/bdata/gugene/data/greedy_march_pipeline_output/finalNonNorm_minsize10_unmerged/SEAAD2024_earlyVsCon_DFC//sn_proj_indices/log_REI/indices_se_SubclassEarlytopmodposbc.csv

============================================================
Starting run: ['Late', 'Early'] -> /home/gugene/bdata/gugene/data/greedy_march_pipeline_output/finalNonNorm_minsize10_unmerged/SEAAD2024_lateVsEarly_DFC/
============================================================
Precomputing celltype means...
Pre-slicing data per celltype/condition...
  Sliced (Oligodendrocyte, Late) | 2026-03-12 13:05:01.638575
  Sliced (L6b, Late) | 2026-03-12 13:05:02.898846
  Sliced (Pvalb, Late) | 2026-03-12 13:05:10.323347
  Sliced (Vip, Late) | 2026-03-12 13:05:15.665477
  Sliced (OPC, Late) | 2026-03-12 13:05:17.150283
  Sliced (Lamp5 Lhx6, Late) | 2026-03-12 13:05:18.541660
  Sliced (Sst, Late) | 2026-03-12 13:05:22.393613
  Sliced (L6 CT, Late) | 2026-03-12 13:05:24.195504
  Sliced (L6 IT, Late) | 2026-03-12 13:05:27.232605
  Sliced (Astrocyte, Late) | 2026-03-12 13:05:32.048986
  Sliced (L6 IT Car3, Late) | 2026-03-12 13:05:32.989643
  Sliced (L5 IT, Late) | 2026-03-12 13:05:38.912043
  Sliced (L2/3 IT, Late) | 2026-03-12 13:05:57.827093
  Sliced (Microglia-PVM, Late) | 2026-03-12 13:05:59.859495
  Sliced (L4 IT, Late) | 2026-03-12 13:06:04.317161
  Sliced (Lamp5, Late) | 2026-03-12 13:06:07.087985
  Sliced (L5/6 NP, Late) | 2026-03-12 13:06:08.098999
  Sliced (Pax6, Late) | 2026-03-12 13:06:08.668052
  Sliced (Sncg, Late) | 2026-03-12 13:06:09.863714
  Sliced (Chandelier, Late) | 2026-03-12 13:06:10.674276
  Sliced (L5 ET, Late) | 2026-03-12 13:06:10.975757
  Sliced (Endothelial, Late) | 2026-03-12 13:06:11.168875
  Sliced (Sst Chodl, Late) | 2026-03-12 13:06:11.293564
  Sliced (VLMC, Late) | 2026-03-12 13:06:11.615981
  Sliced (Oligodendrocyte, Early) | 2026-03-12 13:06:13.667944
  Sliced (L6b, Early) | 2026-03-12 13:06:14.014464
  Sliced (Pvalb, Early) | 2026-03-12 13:06:16.027083
  Sliced (Vip, Early) | 2026-03-12 13:06:17.753434
  Sliced (OPC, Early) | 2026-03-12 13:06:18.237651
  Sliced (Lamp5 Lhx6, Early) | 2026-03-12 13:06:18.678840
  Sliced (Sst, Early) | 2026-03-12 13:06:19.842576
  Sliced (L6 CT, Early) | 2026-03-12 13:06:20.464908
  Sliced (L6 IT, Early) | 2026-03-12 13:06:21.410374
  Sliced (Astrocyte, Early) | 2026-03-12 13:06:22.615981
  Sliced (L6 IT Car3, Early) | 2026-03-12 13:06:22.924144
  Sliced (L5 IT, Early) | 2026-03-12 13:06:25.058585
  Sliced (L2/3 IT, Early) | 2026-03-12 13:06:31.946785
  Sliced (Microglia-PVM, Early) | 2026-03-12 13:06:32.594574
  Sliced (L4 IT, Early) | 2026-03-12 13:06:34.052368
  Sliced (Lamp5, Early) | 2026-03-12 13:06:34.964968
  Sliced (L5/6 NP, Early) | 2026-03-12 13:06:35.382877
  Sliced (Pax6, Early) | 2026-03-12 13:06:35.577919
  Sliced (Sncg, Early) | 2026-03-12 13:06:36.052511
  Sliced (Chandelier, Early) | 2026-03-12 13:06:36.368145
  Sliced (L5 ET, Early) | 2026-03-12 13:06:36.504341
  Sliced (Endothelial, Early) | 2026-03-12 13:06:36.574587
  Sliced (Sst Chodl, Early) | 2026-03-12 13:06:36.654656
  Sliced (VLMC, Early) | 2026-03-12 13:06:36.764645
  Module 20/1158 | 2026-03-12 13:06:49.621777
  Module 40/1158 | 2026-03-12 13:07:01.905152
  Module 60/1158 | 2026-03-12 13:07:12.630000
  Module 80/1158 | 2026-03-12 13:07:23.340427
  Module 100/1158 | 2026-03-12 13:07:38.958354
  Module 120/1158 | 2026-03-12 13:07:54.152242
  Module 140/1158 | 2026-03-12 13:08:06.989089
  Module 160/1158 | 2026-03-12 13:08:18.158357
  Module 180/1158 | 2026-03-12 13:08:29.293930
  Module 200/1158 | 2026-03-12 13:08:42.011773
  Module 220/1158 | 2026-03-12 13:08:55.365236
  Module 240/1158 | 2026-03-12 13:09:05.064497
  Module 260/1158 | 2026-03-12 13:09:19.497110
  Module 280/1158 | 2026-03-12 13:09:29.868380
  Module 300/1158 | 2026-03-12 13:09:39.779207
  Module 320/1158 | 2026-03-12 13:09:53.011872
  Module 340/1158 | 2026-03-12 13:10:05.798754
  Module 360/1158 | 2026-03-12 13:10:18.396354
  Module 380/1158 | 2026-03-12 13:10:29.872429
  Module 400/1158 | 2026-03-12 13:10:40.097689
  Module 420/1158 | 2026-03-12 13:10:50.835065
  Module 440/1158 | 2026-03-12 13:11:03.117012
  Module 460/1158 | 2026-03-12 13:11:11.926415
  Module 480/1158 | 2026-03-12 13:11:21.695899
  Module 500/1158 | 2026-03-12 13:11:32.467549
  Module 520/1158 | 2026-03-12 13:11:42.387453
  Module 540/1158 | 2026-03-12 13:11:50.384208
  Module 560/1158 | 2026-03-12 13:12:00.192010
  Module 580/1158 | 2026-03-12 13:12:11.028250
  Module 600/1158 | 2026-03-12 13:12:23.497457
  Module 620/1158 | 2026-03-12 13:12:33.325786
  Module 640/1158 | 2026-03-12 13:12:42.993613
  Module 660/1158 | 2026-03-12 13:12:53.919953
  Module 680/1158 | 2026-03-12 13:13:03.977762
  Module 700/1158 | 2026-03-12 13:13:15.049746
  Module 720/1158 | 2026-03-12 13:13:22.662363
  Module 740/1158 | 2026-03-12 13:13:28.599215
  Module 760/1158 | 2026-03-12 13:13:38.274770
  Module 780/1158 | 2026-03-12 13:13:45.648067
  Module 800/1158 | 2026-03-12 13:13:56.653239
  Module 820/1158 | 2026-03-12 13:14:05.007107
  Module 840/1158 | 2026-03-12 13:14:13.839882
  Module 860/1158 | 2026-03-12 13:14:21.723186
  Module 880/1158 | 2026-03-12 13:14:29.683007
  Module 900/1158 | 2026-03-12 13:14:37.287507
  Module 920/1158 | 2026-03-12 13:14:48.292631
  Module 940/1158 | 2026-03-12 13:14:55.606906
  Module 960/1158 | 2026-03-12 13:15:02.365482
  Module 980/1158 | 2026-03-12 13:15:09.644854
  Module 1000/1158 | 2026-03-12 13:15:16.512452
  Module 1020/1158 | 2026-03-12 13:15:24.809809
  Module 1040/1158 | 2026-03-12 13:15:36.570202
  Module 1060/1158 | 2026-03-12 13:15:45.194708
  Module 1080/1158 | 2026-03-12 13:15:52.345841
  Module 1100/1158 | 2026-03-12 13:16:00.612270
  Module 1120/1158 | 2026-03-12 13:16:06.982070
  Module 1140/1158 | 2026-03-12 13:16:13.400424
/home/gugene/.local/lib/python3.9/site-packages/numpy/core/_methods.py:269: RuntimeWarning: Degrees of freedom <= 0 for slice
  ret = _var(a, axis=axis, dtype=dtype, out=out, ddof=ddof,
/home/gugene/.local/lib/python3.9/site-packages/numpy/core/_methods.py:226: RuntimeWarning: invalid value encountered in divide
  arrmean = um.true_divide(arrmean, div, out=arrmean,
/home/gugene/.local/lib/python3.9/site-packages/numpy/core/_methods.py:261: RuntimeWarning: invalid value encountered in divide
  ret = ret.dtype.type(ret / rcount)
/home/gugene/.local/lib/python3.9/site-packages/numpy/core/fromnumeric.py:3464: RuntimeWarning: Mean of empty slice.
  return _methods._mean(a, axis=axis, dtype=dtype,
/home/gugene/.local/lib/python3.9/site-packages/numpy/core/_methods.py:192: RuntimeWarning: invalid value encountered in divide
  ret = ret.dtype.type(ret / rcount)
  Saved: /home/gugene/bdata/gugene/data/greedy_march_pipeline_output/finalNonNorm_minsize10_unmerged/SEAAD2024_lateVsEarly_DFC//sn_proj_indices/log_native/indices_se_SubclassLatetopmodposbc.csv
  Saved: /home/gugene/bdata/gugene/data/greedy_march_pipeline_output/finalNonNorm_minsize10_unmerged/SEAAD2024_lateVsEarly_DFC//sn_proj_indices/log_normByMean/indices_se_SubclassLatetopmodposbc.csv
  Saved: /home/gugene/bdata/gugene/data/greedy_march_pipeline_output/finalNonNorm_minsize10_unmerged/SEAAD2024_lateVsEarly_DFC//sn_proj_indices/log_REI/indices_se_SubclassLatetopmodposbc.csv
  Module 20/1158 | 2026-03-12 13:16:25.797435
  Module 40/1158 | 2026-03-12 13:16:29.487249
  Module 60/1158 | 2026-03-12 13:16:32.802113
  Module 80/1158 | 2026-03-12 13:16:36.080517
  Module 100/1158 | 2026-03-12 13:16:40.689842
  Module 120/1158 | 2026-03-12 13:16:45.235353
  Module 140/1158 | 2026-03-12 13:16:49.186263
  Module 160/1158 | 2026-03-12 13:16:52.667771
  Module 180/1158 | 2026-03-12 13:16:56.105566
  Module 200/1158 | 2026-03-12 13:16:59.972432
  Module 220/1158 | 2026-03-12 13:17:04.088678
  Module 240/1158 | 2026-03-12 13:17:07.187980
  Module 260/1158 | 2026-03-12 13:17:11.590783
  Module 280/1158 | 2026-03-12 13:17:14.858749
  Module 300/1158 | 2026-03-12 13:17:17.977150
  Module 320/1158 | 2026-03-12 13:17:22.033487
  Module 340/1158 | 2026-03-12 13:17:25.925516
  Module 360/1158 | 2026-03-12 13:17:29.739083
  Module 380/1158 | 2026-03-12 13:17:33.305687
  Module 400/1158 | 2026-03-12 13:17:36.559813
  Module 420/1158 | 2026-03-12 13:17:39.913195
  Module 440/1158 | 2026-03-12 13:17:43.738164
  Module 460/1158 | 2026-03-12 13:17:46.481410
  Module 480/1158 | 2026-03-12 13:17:49.614785
  Module 500/1158 | 2026-03-12 13:17:52.995855
  Module 520/1158 | 2026-03-12 13:17:56.142959
  Module 540/1158 | 2026-03-12 13:17:58.766819
  Module 560/1158 | 2026-03-12 13:18:01.889645
  Module 580/1158 | 2026-03-12 13:18:05.293302
  Module 600/1158 | 2026-03-12 13:18:09.142393
  Module 620/1158 | 2026-03-12 13:18:12.229748
  Module 640/1158 | 2026-03-12 13:18:14.870657
  Module 660/1158 | 2026-03-12 13:18:17.767046
  Module 680/1158 | 2026-03-12 13:18:20.173392
  Module 700/1158 | 2026-03-12 13:18:23.719216
  Module 720/1158 | 2026-03-12 13:18:26.261565
  Module 740/1158 | 2026-03-12 13:18:28.326922
  Module 760/1158 | 2026-03-12 13:18:31.485490
  Module 780/1158 | 2026-03-12 13:18:33.984660
  Module 800/1158 | 2026-03-12 13:18:37.505827
  Module 820/1158 | 2026-03-12 13:18:40.260781
  Module 840/1158 | 2026-03-12 13:18:43.107789
  Module 860/1158 | 2026-03-12 13:18:45.747811
  Module 880/1158 | 2026-03-12 13:18:48.381446
  Module 900/1158 | 2026-03-12 13:18:50.908241
  Module 920/1158 | 2026-03-12 13:18:54.319633
  Module 940/1158 | 2026-03-12 13:18:56.865035
  Module 960/1158 | 2026-03-12 13:18:59.170961
  Module 980/1158 | 2026-03-12 13:19:01.633498
  Module 1000/1158 | 2026-03-12 13:19:03.940884
  Module 1020/1158 | 2026-03-12 13:19:06.579806
  Module 1040/1158 | 2026-03-12 13:19:10.153088
  Module 1060/1158 | 2026-03-12 13:19:12.968135
  Module 1080/1158 | 2026-03-12 13:19:15.315961
  Module 1100/1158 | 2026-03-12 13:19:17.999396
  Module 1120/1158 | 2026-03-12 13:19:20.172244
  Module 1140/1158 | 2026-03-12 13:19:22.380771
  Saved: /home/gugene/bdata/gugene/data/greedy_march_pipeline_output/finalNonNorm_minsize10_unmerged/SEAAD2024_lateVsEarly_DFC//sn_proj_indices/log_native/indices_se_SubclassEarlytopmodposbc.csv
  Saved: /home/gugene/bdata/gugene/data/greedy_march_pipeline_output/finalNonNorm_minsize10_unmerged/SEAAD2024_lateVsEarly_DFC//sn_proj_indices/log_normByMean/indices_se_SubclassEarlytopmodposbc.csv
  Saved: /home/gugene/bdata/gugene/data/greedy_march_pipeline_output/finalNonNorm_minsize10_unmerged/SEAAD2024_lateVsEarly_DFC//sn_proj_indices/log_REI/indices_se_SubclassEarlytopmodposbc.csv

All runs complete.
